// Jest Snapshot v1, https://goo.gl/fbAQLP

exports[`Test to match snapshot of component 1`] = `
<div>
  <h1>
    Subscription Form
  </h1>
  <form>
    <label
      htmlFor="email"
    >
       Email Address
    </label>
    <input
      id="email"
      onChange={[Function]}
      placeholder="Email Address"
      type="email"
      value=""
    />
    <br />
    <input
      id="agreement"
      name="agreement"
      type="checkbox"
    />
    <label
      htmlFor="agreement"
    >
      I agree to all Terms & Conditions
    </label>
    <br />
    <button
      disabled={true}
      name="subscribe"
      type="submit"
    >
      Subscribe
    </button>
  </form>
</div>
`;
